<!DOCTYPE html>
<!--[if IE 8]> <html class="no-js lt-ie9" lang="en"> <![endif]-->
<!--[if gt IE 8]><!--> <html class="no-js" lang="en"> <!--<![endif]-->
<head>
    <meta charset="utf-8" />
    <meta name="viewport" content="width=device-width, initial-scale=1, maximum-scale=1, user-scalable=0"/>
    <title>Ubiquiti Account</title>
    <base href="/" />
    <link rel="stylesheet" href="test/fixtures/normalize.08dbf08504465a046a5c756ff6a74c10.css" />
    <link rel="stylesheet" href="test/fixtures/app.b183f5a229ce7305565a0cfc7376a7cc.css" />
</head>
<body>

    <script src="test/fixtures/require.b4aaf2fe4fc1cd30ea75f99504f28b90.js"></script>
    <script>
    require(['test/fixtures/common.6030bec2badaea52a7c1e25f7685a88d.js'], function () {
    });
    </script>
</body>
</html>
