<!DOCTYPE html>
<html>
<head>
<script>
require(['test/fixtures/common.cbuster-6030bec2badaea52a7c1e25f7685a88d.js'], function () {
    require(['index.cbuster-68176f2823a2e07bf591afd341a8d8ab']);
});
</script>
</head>
</html>
